nohup: ignoring input
/usr/local/lib/python3.12/dist-packages/scipy/stats/_stats_py.py:8492: RuntimeWarning: invalid value encountered in scalar divide
  h /= ties
/usr/local/lib/python3.12/dist-packages/scipy/stats/_stats_py.py:8492: RuntimeWarning: invalid value encountered in scalar divide
  h /= ties
/usr/local/lib/python3.12/dist-packages/scipy/stats/_stats_py.py:8492: RuntimeWarning: invalid value encountered in scalar divide
  h /= ties
/usr/local/lib/python3.12/dist-packages/scipy/stats/_stats_py.py:8492: RuntimeWarning: invalid value encountered in scalar divide
  h /= ties
/usr/local/lib/python3.12/dist-packages/scipy/stats/_stats_py.py:8492: RuntimeWarning: invalid value encountered in scalar divide
  h /= ties
/usr/local/lib/python3.12/dist-packages/scipy/stats/_stats_py.py:8492: RuntimeWarning: invalid value encountered in scalar divide
  h /= ties
/usr/local/lib/python3.12/dist-packages/scipy/stats/_stats_py.py:8492: RuntimeWarning: invalid value encountered in scalar divide
  h /= ties
/usr/local/lib/python3.12/dist-packages/scipy/stats/_stats_py.py:8492: RuntimeWarning: invalid value encountered in scalar divide
  h /= ties
/usr/local/lib/python3.12/dist-packages/scipy/stats/_stats_py.py:8492: RuntimeWarning: invalid value encountered in scalar divide
  h /= ties
/usr/local/lib/python3.12/dist-packages/scipy/stats/_stats_py.py:8492: RuntimeWarning: invalid value encountered in scalar divide
  h /= ties
/usr/local/lib/python3.12/dist-packages/scipy/stats/_stats_py.py:8492: RuntimeWarning: invalid value encountered in scalar divide
  h /= ties
/usr/local/lib/python3.12/dist-packages/scipy/stats/_stats_py.py:8492: RuntimeWarning: invalid value encountered in scalar divide
  h /= ties
/usr/local/lib/python3.12/dist-packages/scipy/stats/_stats_py.py:8492: RuntimeWarning: invalid value encountered in scalar divide
  h /= ties
/usr/local/lib/python3.12/dist-packages/scipy/stats/_stats_py.py:8492: RuntimeWarning: invalid value encountered in scalar divide
  h /= ties
/usr/local/lib/python3.12/dist-packages/scipy/stats/_stats_py.py:8492: RuntimeWarning: invalid value encountered in scalar divide
  h /= ties
/usr/local/lib/python3.12/dist-packages/scipy/stats/_stats_py.py:8492: RuntimeWarning: invalid value encountered in scalar divide
  h /= ties
/usr/local/lib/python3.12/dist-packages/scipy/stats/_stats_py.py:8492: RuntimeWarning: invalid value encountered in scalar divide
  h /= ties
/usr/local/lib/python3.12/dist-packages/scipy/stats/_stats_py.py:8492: RuntimeWarning: invalid value encountered in scalar divide
  h /= ties
/usr/local/lib/python3.12/dist-packages/scipy/stats/_stats_py.py:8492: RuntimeWarning: invalid value encountered in scalar divide
  h /= ties
/usr/local/lib/python3.12/dist-packages/scipy/stats/_stats_py.py:8492: RuntimeWarning: invalid value encountered in scalar divide
  h /= ties
/usr/local/lib/python3.12/dist-packages/scipy/stats/_stats_py.py:8492: RuntimeWarning: invalid value encountered in scalar divide
  h /= ties
/usr/local/lib/python3.12/dist-packages/scipy/stats/_stats_py.py:8492: RuntimeWarning: invalid value encountered in scalar divide
  h /= ties
/usr/local/lib/python3.12/dist-packages/scipy/stats/_stats_py.py:8492: RuntimeWarning: invalid value encountered in scalar divide
  h /= ties
/usr/local/lib/python3.12/dist-packages/scipy/stats/_stats_py.py:8492: RuntimeWarning: invalid value encountered in scalar divide
  h /= ties
/usr/local/lib/python3.12/dist-packages/scipy/stats/_stats_py.py:8492: RuntimeWarning: invalid value encountered in scalar divide
  h /= ties
/usr/local/lib/python3.12/dist-packages/scipy/stats/_stats_py.py:8492: RuntimeWarning: invalid value encountered in scalar divide
  h /= ties
/usr/local/lib/python3.12/dist-packages/scipy/stats/_stats_py.py:8492: RuntimeWarning: invalid value encountered in scalar divide
  h /= ties
/usr/local/lib/python3.12/dist-packages/scipy/stats/_stats_py.py:8492: RuntimeWarning: invalid value encountered in scalar divide
  h /= ties
/usr/local/lib/python3.12/dist-packages/scipy/stats/_stats_py.py:8492: RuntimeWarning: invalid value encountered in scalar divide
  h /= ties
/usr/local/lib/python3.12/dist-packages/scipy/stats/_stats_py.py:8492: RuntimeWarning: invalid value encountered in scalar divide
  h /= ties
/usr/local/lib/python3.12/dist-packages/scipy/stats/_stats_py.py:8492: RuntimeWarning: invalid value encountered in scalar divide
  h /= ties
/usr/local/lib/python3.12/dist-packages/scipy/stats/_stats_py.py:8492: RuntimeWarning: invalid value encountered in scalar divide
  h /= ties
/usr/local/lib/python3.12/dist-packages/scipy/stats/_stats_py.py:8492: RuntimeWarning: invalid value encountered in scalar divide
  h /= ties
/usr/local/lib/python3.12/dist-packages/scipy/stats/_stats_py.py:8492: RuntimeWarning: invalid value encountered in scalar divide
  h /= ties
/usr/local/lib/python3.12/dist-packages/scipy/stats/_stats_py.py:8492: RuntimeWarning: invalid value encountered in scalar divide
  h /= ties
/usr/local/lib/python3.12/dist-packages/scipy/stats/_stats_py.py:8492: RuntimeWarning: invalid value encountered in scalar divide
  h /= ties
/usr/local/lib/python3.12/dist-packages/scipy/stats/_stats_py.py:8492: RuntimeWarning: invalid value encountered in scalar divide
  h /= ties
/usr/local/lib/python3.12/dist-packages/scipy/stats/_stats_py.py:8492: RuntimeWarning: invalid value encountered in scalar divide
  h /= ties
/usr/local/lib/python3.12/dist-packages/scipy/stats/_stats_py.py:8492: RuntimeWarning: invalid value encountered in scalar divide
  h /= ties
/usr/local/lib/python3.12/dist-packages/scipy/stats/_stats_py.py:8492: RuntimeWarning: invalid value encountered in scalar divide
  h /= ties
/usr/local/lib/python3.12/dist-packages/scipy/stats/_stats_py.py:8492: RuntimeWarning: invalid value encountered in scalar divide
  h /= ties
/usr/local/lib/python3.12/dist-packages/scipy/stats/_stats_py.py:8492: RuntimeWarning: invalid value encountered in scalar divide
  h /= ties
/usr/local/lib/python3.12/dist-packages/scipy/stats/_stats_py.py:8492: RuntimeWarning: invalid value encountered in scalar divide
  h /= ties
/usr/local/lib/python3.12/dist-packages/scipy/stats/_stats_py.py:8492: RuntimeWarning: invalid value encountered in scalar divide
  h /= ties
/usr/local/lib/python3.12/dist-packages/iohinspector/plots/utils.py:135: UserWarning: Data has no positive values, and therefore cannot be log-scaled.
  ax.set_yscale(self.yscale)
/usr/local/lib/python3.12/dist-packages/iohinspector/plots/utils.py:135: UserWarning: Data has no positive values, and therefore cannot be log-scaled.
  ax.set_yscale(self.yscale)
/usr/local/lib/python3.12/dist-packages/iohinspector/plots/utils.py:135: UserWarning: Data has no positive values, and therefore cannot be log-scaled.
  ax.set_yscale(self.yscale)
Data root:   pbo_weighted_data_cluster
Output dir:  results/pbo_weighted_analysis
Selection:   all (per-method subdirs + summary)
  note: skipped 224 incomplete/invalid run folders (no finalized json), e.g. ['BINOTEARS__BZ_f11_dim625_s1', 'BINOTEARS__FP_f13_dim625_s1', 'EBNA__BZ_f24_dim625_s1']
Loaded: 22 algorithms x 3 selection methods, 25 functions, dims=[16, 64, 100, 625], 30912 runs
  algorithms: ['AffEDA', 'BINOTEARS', 'BMDA', 'BOA', 'EBNA', 'FDA', 'HBINOTEARS', 'HBOA', 'HSARTRE', 'IntFDA', 'LFDA', 'MIMIC', 'MKEDA', 'MNFDA', 'MTED', 'NetXBFS', 'NetXRW', 'PBIL', 'PCBN', 'SARTRE', 'TreeEDA', 'UMDA']
  selection : ['FP', 'BZ', 'RTS']

Per-selection-method tables:
  [FP] final_fitness.csv (10379 runs)
  [FP] table_final_dim16.tex
  [FP] table_final_dim64.tex
  [FP] table_final_dim100.tex
  [FP] table_final_dim625.tex
  [FP] note: scikit_posthocs not installed; skipping Dunn tests
  [FP] kruskal_wallis.csv (100 tests)
  [BZ] final_fitness.csv (10329 runs)
  [BZ] table_final_dim16.tex
  [BZ] table_final_dim64.tex
  [BZ] table_final_dim100.tex
  [BZ] table_final_dim625.tex
  [BZ] note: scikit_posthocs not installed; skipping Dunn tests
  [BZ] kruskal_wallis.csv (100 tests)
  [RTS] final_fitness.csv (10204 runs)
  [RTS] table_final_dim16.tex
  [RTS] table_final_dim64.tex
  [RTS] table_final_dim100.tex
  [RTS] table_final_dim625.tex
  [RTS] note: scikit_posthocs not installed; skipping Dunn tests
  [RTS] kruskal_wallis.csv (100 tests)
AOCC tables (per method + cross-method summary):
  [FP] aocc_dim16.csv / table_aocc_dim16.tex
  [BZ] aocc_dim16.csv / table_aocc_dim16.tex
  [RTS] aocc_dim16.csv / table_aocc_dim16.tex
  [summary] aocc_by_method_dim16.csv / .tex
  [FP] aocc_dim64.csv / table_aocc_dim64.tex
  [BZ] aocc_dim64.csv / table_aocc_dim64.tex
  [RTS] aocc_dim64.csv / table_aocc_dim64.tex
  [summary] aocc_by_method_dim64.csv / .tex
  [FP] aocc_dim100.csv / table_aocc_dim100.tex
  [BZ] aocc_dim100.csv / table_aocc_dim100.tex
  [RTS] aocc_dim100.csv / table_aocc_dim100.tex
  [summary] aocc_by_method_dim100.csv / .tex
  [FP] aocc_dim625.csv / table_aocc_dim625.tex
  [BZ] aocc_dim625.csv / table_aocc_dim625.tex
  [RTS] aocc_dim625.csv / table_aocc_dim625.tex
  [summary] aocc_by_method_dim625.csv / .tex
Cross-method statistics:
  [summary] kruskal_methods.csv (100 tests)
Figures:
  figure: results/pbo_weighted_analysis/FP/fixed_budget_f1_dim16.pdf / .eps
  figure: results/pbo_weighted_analysis/BZ/fixed_budget_f1_dim16.pdf / .eps
  figure: results/pbo_weighted_analysis/RTS/fixed_budget_f1_dim16.pdf / .eps
  figure: results/pbo_weighted_analysis/FP/fixed_budget_f2_dim16.pdf / .eps
  figure: results/pbo_weighted_analysis/BZ/fixed_budget_f2_dim16.pdf / .eps
  figure: results/pbo_weighted_analysis/RTS/fixed_budget_f2_dim16.pdf / .eps
  figure: results/pbo_weighted_analysis/FP/fixed_budget_f3_dim16.pdf / .eps
  figure: results/pbo_weighted_analysis/BZ/fixed_budget_f3_dim16.pdf / .eps
  figure: results/pbo_weighted_analysis/RTS/fixed_budget_f3_dim16.pdf / .eps
  figure: results/pbo_weighted_analysis/FP/fixed_budget_f4_dim16.pdf / .eps
  figure: results/pbo_weighted_analysis/BZ/fixed_budget_f4_dim16.pdf / .eps
  figure: results/pbo_weighted_analysis/RTS/fixed_budget_f4_dim16.pdf / .eps
  figure: results/pbo_weighted_analysis/FP/fixed_budget_f5_dim16.pdf / .eps
  figure: results/pbo_weighted_analysis/BZ/fixed_budget_f5_dim16.pdf / .eps
  figure: results/pbo_weighted_analysis/RTS/fixed_budget_f5_dim16.pdf / .eps
  figure: results/pbo_weighted_analysis/FP/fixed_budget_f6_dim16.pdf / .eps
  figure: results/pbo_weighted_analysis/BZ/fixed_budget_f6_dim16.pdf / .eps
  figure: results/pbo_weighted_analysis/RTS/fixed_budget_f6_dim16.pdf / .eps
  figure: results/pbo_weighted_analysis/FP/fixed_budget_f7_dim16.pdf / .eps
  figure: results/pbo_weighted_analysis/BZ/fixed_budget_f7_dim16.pdf / .eps
  figure: results/pbo_weighted_analysis/RTS/fixed_budget_f7_dim16.pdf / .eps
  figure: results/pbo_weighted_analysis/FP/fixed_budget_f8_dim16.pdf / .eps
  figure: results/pbo_weighted_analysis/BZ/fixed_budget_f8_dim16.pdf / .eps
  figure: results/pbo_weighted_analysis/RTS/fixed_budget_f8_dim16.pdf / .eps
  figure: results/pbo_weighted_analysis/FP/fixed_budget_f9_dim16.pdf / .eps
  figure: results/pbo_weighted_analysis/BZ/fixed_budget_f9_dim16.pdf / .eps
  figure: results/pbo_weighted_analysis/RTS/fixed_budget_f9_dim16.pdf / .eps
  figure: results/pbo_weighted_analysis/FP/fixed_budget_f10_dim16.pdf / .eps
  figure: results/pbo_weighted_analysis/BZ/fixed_budget_f10_dim16.pdf / .eps
  figure: results/pbo_weighted_analysis/RTS/fixed_budget_f10_dim16.pdf / .eps
  figure: results/pbo_weighted_analysis/FP/fixed_budget_f11_dim16.pdf / .eps
  figure: results/pbo_weighted_analysis/BZ/fixed_budget_f11_dim16.pdf / .eps
  figure: results/pbo_weighted_analysis/RTS/fixed_budget_f11_dim16.pdf / .eps
  figure: results/pbo_weighted_analysis/FP/fixed_budget_f12_dim16.pdf / .eps
  figure: results/pbo_weighted_analysis/BZ/fixed_budget_f12_dim16.pdf / .eps
  figure: results/pbo_weighted_analysis/RTS/fixed_budget_f12_dim16.pdf / .eps
  figure: results/pbo_weighted_analysis/FP/fixed_budget_f13_dim16.pdf / .eps
  figure: results/pbo_weighted_analysis/BZ/fixed_budget_f13_dim16.pdf / .eps
  figure: results/pbo_weighted_analysis/RTS/fixed_budget_f13_dim16.pdf / .eps
  figure: results/pbo_weighted_analysis/FP/fixed_budget_f14_dim16.pdf / .eps
  figure: results/pbo_weighted_analysis/BZ/fixed_budget_f14_dim16.pdf / .eps
  figure: results/pbo_weighted_analysis/RTS/fixed_budget_f14_dim16.pdf / .eps
  figure: results/pbo_weighted_analysis/FP/fixed_budget_f15_dim16.pdf / .eps
  figure: results/pbo_weighted_analysis/BZ/fixed_budget_f15_dim16.pdf / .eps
  figure: results/pbo_weighted_analysis/RTS/fixed_budget_f15_dim16.pdf / .eps
  figure: results/pbo_weighted_analysis/FP/fixed_budget_f16_dim16.pdf / .eps
  figure: results/pbo_weighted_analysis/BZ/fixed_budget_f16_dim16.pdf / .eps
  figure: results/pbo_weighted_analysis/RTS/fixed_budget_f16_dim16.pdf / .eps
  figure: results/pbo_weighted_analysis/FP/fixed_budget_f17_dim16.pdf / .eps
  figure: results/pbo_weighted_analysis/BZ/fixed_budget_f17_dim16.pdf / .eps
  figure: results/pbo_weighted_analysis/RTS/fixed_budget_f17_dim16.pdf / .eps
  figure: results/pbo_weighted_analysis/FP/fixed_budget_f18_dim16.pdf / .eps
  figure: results/pbo_weighted_analysis/BZ/fixed_budget_f18_dim16.pdf / .eps
  figure: results/pbo_weighted_analysis/RTS/fixed_budget_f18_dim16.pdf / .eps
  figure: results/pbo_weighted_analysis/FP/fixed_budget_f19_dim16.pdf / .eps
  figure: results/pbo_weighted_analysis/BZ/fixed_budget_f19_dim16.pdf / .eps
  figure: results/pbo_weighted_analysis/RTS/fixed_budget_f19_dim16.pdf / .eps
  figure: results/pbo_weighted_analysis/FP/fixed_budget_f20_dim16.pdf / .eps
  figure: results/pbo_weighted_analysis/BZ/fixed_budget_f20_dim16.pdf / .eps
  figure: results/pbo_weighted_analysis/RTS/fixed_budget_f20_dim16.pdf / .eps
  figure: results/pbo_weighted_analysis/FP/fixed_budget_f21_dim16.pdf / .eps
  figure: results/pbo_weighted_analysis/BZ/fixed_budget_f21_dim16.pdf / .eps
  figure: results/pbo_weighted_analysis/RTS/fixed_budget_f21_dim16.pdf / .eps
  figure: results/pbo_weighted_analysis/FP/fixed_budget_f22_dim16.pdf / .eps
  figure: results/pbo_weighted_analysis/BZ/fixed_budget_f22_dim16.pdf / .eps
  figure: results/pbo_weighted_analysis/RTS/fixed_budget_f22_dim16.pdf / .eps
  figure: results/pbo_weighted_analysis/FP/fixed_budget_f23_dim16.pdf / .eps
  figure: results/pbo_weighted_analysis/BZ/fixed_budget_f23_dim16.pdf / .eps
  figure: results/pbo_weighted_analysis/RTS/fixed_budget_f23_dim16.pdf / .eps
  figure: results/pbo_weighted_analysis/FP/fixed_budget_f24_dim16.pdf / .eps
  figure: results/pbo_weighted_analysis/BZ/fixed_budget_f24_dim16.pdf / .eps
  figure: results/pbo_weighted_analysis/RTS/fixed_budget_f24_dim16.pdf / .eps
  figure: results/pbo_weighted_analysis/FP/fixed_budget_f25_dim16.pdf / .eps
  figure: results/pbo_weighted_analysis/BZ/fixed_budget_f25_dim16.pdf / .eps
  figure: results/pbo_weighted_analysis/RTS/fixed_budget_f25_dim16.pdf / .eps
  figure: results/pbo_weighted_analysis/FP/fixed_budget_f1_dim64.pdf / .eps
  figure: results/pbo_weighted_analysis/BZ/fixed_budget_f1_dim64.pdf / .eps/usr/local/lib/python3.12/dist-packages/iohinspector/plots/utils.py:135: UserWarning: Data has no positive values, and therefore cannot be log-scaled.
  ax.set_yscale(self.yscale)
/usr/local/lib/python3.12/dist-packages/iohinspector/plots/utils.py:135: UserWarning: Data has no positive values, and therefore cannot be log-scaled.
  ax.set_yscale(self.yscale)
/usr/local/lib/python3.12/dist-packages/iohinspector/plots/utils.py:135: UserWarning: Data has no positive values, and therefore cannot be log-scaled.
  ax.set_yscale(self.yscale)

  figure: results/pbo_weighted_analysis/RTS/fixed_budget_f1_dim64.pdf / .eps
  figure: results/pbo_weighted_analysis/FP/fixed_budget_f2_dim64.pdf / .eps
  figure: results/pbo_weighted_analysis/BZ/fixed_budget_f2_dim64.pdf / .eps
  figure: results/pbo_weighted_analysis/RTS/fixed_budget_f2_dim64.pdf / .eps
  figure: results/pbo_weighted_analysis/FP/fixed_budget_f3_dim64.pdf / .eps
  figure: results/pbo_weighted_analysis/BZ/fixed_budget_f3_dim64.pdf / .eps
  figure: results/pbo_weighted_analysis/RTS/fixed_budget_f3_dim64.pdf / .eps
  figure: results/pbo_weighted_analysis/FP/fixed_budget_f4_dim64.pdf / .eps
  figure: results/pbo_weighted_analysis/BZ/fixed_budget_f4_dim64.pdf / .eps
  figure: results/pbo_weighted_analysis/RTS/fixed_budget_f4_dim64.pdf / .eps
  figure: results/pbo_weighted_analysis/FP/fixed_budget_f5_dim64.pdf / .eps
  figure: results/pbo_weighted_analysis/BZ/fixed_budget_f5_dim64.pdf / .eps
  figure: results/pbo_weighted_analysis/RTS/fixed_budget_f5_dim64.pdf / .eps
  figure: results/pbo_weighted_analysis/FP/fixed_budget_f6_dim64.pdf / .eps
  figure: results/pbo_weighted_analysis/BZ/fixed_budget_f6_dim64.pdf / .eps
  figure: results/pbo_weighted_analysis/RTS/fixed_budget_f6_dim64.pdf / .eps
  figure: results/pbo_weighted_analysis/FP/fixed_budget_f7_dim64.pdf / .eps
  figure: results/pbo_weighted_analysis/BZ/fixed_budget_f7_dim64.pdf / .eps
  figure: results/pbo_weighted_analysis/RTS/fixed_budget_f7_dim64.pdf / .eps
  figure: results/pbo_weighted_analysis/FP/fixed_budget_f8_dim64.pdf / .eps
  figure: results/pbo_weighted_analysis/BZ/fixed_budget_f8_dim64.pdf / .eps
  figure: results/pbo_weighted_analysis/RTS/fixed_budget_f8_dim64.pdf / .eps
  figure: results/pbo_weighted_analysis/FP/fixed_budget_f9_dim64.pdf / .eps
  figure: results/pbo_weighted_analysis/BZ/fixed_budget_f9_dim64.pdf / .eps
  figure: results/pbo_weighted_analysis/RTS/fixed_budget_f9_dim64.pdf / .eps
  figure: results/pbo_weighted_analysis/FP/fixed_budget_f10_dim64.pdf / .eps
  figure: results/pbo_weighted_analysis/BZ/fixed_budget_f10_dim64.pdf / .eps
  figure: results/pbo_weighted_analysis/RTS/fixed_budget_f10_dim64.pdf / .eps
  figure: results/pbo_weighted_analysis/FP/fixed_budget_f11_dim64.pdf / .eps
  figure: results/pbo_weighted_analysis/BZ/fixed_budget_f11_dim64.pdf / .eps
  figure: results/pbo_weighted_analysis/RTS/fixed_budget_f11_dim64.pdf / .eps
  figure: results/pbo_weighted_analysis/FP/fixed_budget_f12_dim64.pdf / .eps
  figure: results/pbo_weighted_analysis/BZ/fixed_budget_f12_dim64.pdf / .eps
  figure: results/pbo_weighted_analysis/RTS/fixed_budget_f12_dim64.pdf / .eps
  figure: results/pbo_weighted_analysis/FP/fixed_budget_f13_dim64.pdf / .eps
  figure: results/pbo_weighted_analysis/BZ/fixed_budget_f13_dim64.pdf / .eps
  figure: results/pbo_weighted_analysis/RTS/fixed_budget_f13_dim64.pdf / .eps
  figure: results/pbo_weighted_analysis/FP/fixed_budget_f14_dim64.pdf / .eps
  figure: results/pbo_weighted_analysis/BZ/fixed_budget_f14_dim64.pdf / .eps
  figure: results/pbo_weighted_analysis/RTS/fixed_budget_f14_dim64.pdf / .eps
  figure: results/pbo_weighted_analysis/FP/fixed_budget_f15_dim64.pdf / .eps
  figure: results/pbo_weighted_analysis/BZ/fixed_budget_f15_dim64.pdf / .eps
  figure: results/pbo_weighted_analysis/RTS/fixed_budget_f15_dim64.pdf / .eps
  figure: results/pbo_weighted_analysis/FP/fixed_budget_f16_dim64.pdf / .eps
  figure: results/pbo_weighted_analysis/BZ/fixed_budget_f16_dim64.pdf / .eps
  figure: results/pbo_weighted_analysis/RTS/fixed_budget_f16_dim64.pdf / .eps
  figure: results/pbo_weighted_analysis/FP/fixed_budget_f17_dim64.pdf / .eps
  figure: results/pbo_weighted_analysis/BZ/fixed_budget_f17_dim64.pdf / .eps
  figure: results/pbo_weighted_analysis/RTS/fixed_budget_f17_dim64.pdf / .eps
  figure: results/pbo_weighted_analysis/FP/fixed_budget_f18_dim64.pdf / .eps
  figure: results/pbo_weighted_analysis/BZ/fixed_budget_f18_dim64.pdf / .eps
  figure: results/pbo_weighted_analysis/RTS/fixed_budget_f18_dim64.pdf / .eps
  figure: results/pbo_weighted_analysis/FP/fixed_budget_f19_dim64.pdf / .eps
  figure: results/pbo_weighted_analysis/BZ/fixed_budget_f19_dim64.pdf / .eps
  figure: results/pbo_weighted_analysis/RTS/fixed_budget_f19_dim64.pdf / .eps
  figure: results/pbo_weighted_analysis/FP/fixed_budget_f20_dim64.pdf / .eps
  figure: results/pbo_weighted_analysis/BZ/fixed_budget_f20_dim64.pdf / .eps
  figure: results/pbo_weighted_analysis/RTS/fixed_budget_f20_dim64.pdf / .eps
  figure: results/pbo_weighted_analysis/FP/fixed_budget_f21_dim64.pdf / .eps
  figure: results/pbo_weighted_analysis/BZ/fixed_budget_f21_dim64.pdf / .eps
  figure: results/pbo_weighted_analysis/RTS/fixed_budget_f21_dim64.pdf / .eps
  figure: results/pbo_weighted_analysis/FP/fixed_budget_f22_dim64.pdf / .eps
  figure: results/pbo_weighted_analysis/BZ/fixed_budget_f22_dim64.pdf / .eps
  figure: results/pbo_weighted_analysis/RTS/fixed_budget_f22_dim64.pdf / .eps
  figure: results/pbo_weighted_analysis/FP/fixed_budget_f23_dim64.pdf / .eps
  figure: results/pbo_weighted_analysis/BZ/fixed_budget_f23_dim64.pdf / .eps
  figure: results/pbo_weighted_analysis/RTS/fixed_budget_f23_dim64.pdf / .eps
  figure: results/pbo_weighted_analysis/FP/fixed_budget_f24_dim64.pdf / .eps
  figure: results/pbo_weighted_analysis/BZ/fixed_budget_f24_dim64.pdf / .eps
  figure: results/pbo_weighted_analysis/RTS/fixed_budget_f24_dim64.pdf / .eps
  figure: results/pbo_weighted_analysis/FP/fixed_budget_f25_dim64.pdf / .eps
  figure: results/pbo_weighted_analysis/BZ/fixed_budget_f25_dim64.pdf / .eps
  figure: results/pbo_weighted_analysis/RTS/fixed_budget_f25_dim64.pdf / .eps
  figure: results/pbo_weighted_analysis/FP/fixed_budget_f1_dim100.pdf / .eps
  figure: results/pbo_weighted_analysis/BZ/fixed_budget_f1_dim100.pdf / .eps
  figure: results/pbo_weighted_analysis/RTS/fixed_budget_f1_dim100.pdf / .eps
  figure: results/pbo_weighted_analysis/FP/fixed_budget_f2_dim100.pdf / .eps
  figure: results/pbo_weighted_analysis/BZ/fixed_budget_f2_dim100.pdf / .eps
  figure: results/pbo_weighted_analysis/RTS/fixed_budget_f2_dim100.pdf / .eps
  figure: results/pbo_weighted_analysis/FP/fixed_budget_f3_dim100.pdf / .eps
  figure: results/pbo_weighted_analysis/BZ/fixed_budget_f3_dim100.pdf / .eps
  figure: results/pbo_weighted_analysis/RTS/fixed_budget_f3_dim100.pdf / .eps
  figure: results/pbo_weighted_analysis/FP/fixed_budget_f4_dim100.pdf / .eps
  figure: results/pbo_weighted_analysis/BZ/fixed_budget_f4_dim100.pdf / .eps
  figure: results/pbo_weighted_analysis/RTS/fixed_budget_f4_dim100.pdf / .eps
  figure: results/pbo_weighted_analysis/FP/fixed_budget_f5_dim100.pdf / .eps
  figure: results/pbo_weighted_analysis/BZ/fixed_budget_f5_dim100.pdf / .eps
  figure: results/pbo_weighted_analysis/RTS/fixed_budget_f5_dim100.pdf / .eps
  figure: results/pbo_weighted_analysis/FP/fixed_budget_f6_dim100.pdf / .eps
  figure: results/pbo_weighted_analysis/BZ/fixed_budget_f6_dim100.pdf / .eps
  figure: results/pbo_weighted_analysis/RTS/fixed_budget_f6_dim100.pdf / .eps
  figure: results/pbo_weighted_analysis/FP/fixed_budget_f7_dim100.pdf / .eps
  figure: results/pbo_weighted_analysis/BZ/fixed_budget_f7_dim100.pdf / .eps
  figure: results/pbo_weighted_analysis/RTS/fixed_budget_f7_dim100.pdf / .eps
  figure: results/pbo_weighted_analysis/FP/fixed_budget_f8_dim100.pdf / .eps
  figure: results/pbo_weighted_analysis/BZ/fixed_budget_f8_dim100.pdf / .eps
  figure: results/pbo_weighted_analysis/RTS/fixed_budget_f8_dim100.pdf / .eps
  figure: results/pbo_weighted_analysis/FP/fixed_budget_f9_dim100.pdf / .eps
  figure: results/pbo_weighted_analysis/BZ/fixed_budget_f9_dim100.pdf / .eps
  figure: results/pbo_weighted_analysis/RTS/fixed_budget_f9_dim100.pdf / .eps
  figure: results/pbo_weighted_analysis/FP/fixed_budget_f10_dim100.pdf / .eps
  figure: results/pbo_weighted_analysis/BZ/fixed_budget_f10_dim100.pdf / .eps
  figure: results/pbo_weighted_analysis/RTS/fixed_budget_f10_dim100.pdf / .eps
  figure: results/pbo_weighted_analysis/FP/fixed_budget_f11_dim100.pdf / .eps
  figure: results/pbo_weighted_analysis/BZ/fixed_budget_f11_dim100.pdf / .eps
  figure: results/pbo_weighted_analysis/RTS/fixed_budget_f11_dim100.pdf / .eps
  figure: results/pbo_weighted_analysis/FP/fixed_budget_f12_dim100.pdf / .eps/usr/local/lib/python3.12/dist-packages/iohinspector/plots/utils.py:135: UserWarning: Data has no positive values, and therefore cannot be log-scaled.
  ax.set_yscale(self.yscale)
/usr/local/lib/python3.12/dist-packages/iohinspector/plots/utils.py:135: UserWarning: Data has no positive values, and therefore cannot be log-scaled.
  ax.set_yscale(self.yscale)
/usr/local/lib/python3.12/dist-packages/iohinspector/plots/utils.py:135: UserWarning: Data has no positive values, and therefore cannot be log-scaled.
  ax.set_yscale(self.yscale)

  figure: results/pbo_weighted_analysis/BZ/fixed_budget_f12_dim100.pdf / .eps
  figure: results/pbo_weighted_analysis/RTS/fixed_budget_f12_dim100.pdf / .eps
  figure: results/pbo_weighted_analysis/FP/fixed_budget_f13_dim100.pdf / .eps
  figure: results/pbo_weighted_analysis/BZ/fixed_budget_f13_dim100.pdf / .eps
  figure: results/pbo_weighted_analysis/RTS/fixed_budget_f13_dim100.pdf / .eps
  figure: results/pbo_weighted_analysis/FP/fixed_budget_f14_dim100.pdf / .eps
  figure: results/pbo_weighted_analysis/BZ/fixed_budget_f14_dim100.pdf / .eps
  figure: results/pbo_weighted_analysis/RTS/fixed_budget_f14_dim100.pdf / .eps
  figure: results/pbo_weighted_analysis/FP/fixed_budget_f15_dim100.pdf / .eps
  figure: results/pbo_weighted_analysis/BZ/fixed_budget_f15_dim100.pdf / .eps
  figure: results/pbo_weighted_analysis/RTS/fixed_budget_f15_dim100.pdf / .eps
  figure: results/pbo_weighted_analysis/FP/fixed_budget_f16_dim100.pdf / .eps
  figure: results/pbo_weighted_analysis/BZ/fixed_budget_f16_dim100.pdf / .eps
  figure: results/pbo_weighted_analysis/RTS/fixed_budget_f16_dim100.pdf / .eps
  figure: results/pbo_weighted_analysis/FP/fixed_budget_f17_dim100.pdf / .eps
  figure: results/pbo_weighted_analysis/BZ/fixed_budget_f17_dim100.pdf / .eps
  figure: results/pbo_weighted_analysis/RTS/fixed_budget_f17_dim100.pdf / .eps
  figure: results/pbo_weighted_analysis/FP/fixed_budget_f18_dim100.pdf / .eps
  figure: results/pbo_weighted_analysis/BZ/fixed_budget_f18_dim100.pdf / .eps
  figure: results/pbo_weighted_analysis/RTS/fixed_budget_f18_dim100.pdf / .eps
  figure: results/pbo_weighted_analysis/FP/fixed_budget_f19_dim100.pdf / .eps
  figure: results/pbo_weighted_analysis/BZ/fixed_budget_f19_dim100.pdf / .eps
  figure: results/pbo_weighted_analysis/RTS/fixed_budget_f19_dim100.pdf / .eps
  figure: results/pbo_weighted_analysis/FP/fixed_budget_f20_dim100.pdf / .eps
  figure: results/pbo_weighted_analysis/BZ/fixed_budget_f20_dim100.pdf / .eps
  figure: results/pbo_weighted_analysis/RTS/fixed_budget_f20_dim100.pdf / .eps
  figure: results/pbo_weighted_analysis/FP/fixed_budget_f21_dim100.pdf / .eps
  figure: results/pbo_weighted_analysis/BZ/fixed_budget_f21_dim100.pdf / .eps
  figure: results/pbo_weighted_analysis/RTS/fixed_budget_f21_dim100.pdf / .eps
  figure: results/pbo_weighted_analysis/FP/fixed_budget_f22_dim100.pdf / .eps
  figure: results/pbo_weighted_analysis/BZ/fixed_budget_f22_dim100.pdf / .eps
  figure: results/pbo_weighted_analysis/RTS/fixed_budget_f22_dim100.pdf / .eps
  figure: results/pbo_weighted_analysis/FP/fixed_budget_f23_dim100.pdf / .eps
  figure: results/pbo_weighted_analysis/BZ/fixed_budget_f23_dim100.pdf / .eps
  figure: results/pbo_weighted_analysis/RTS/fixed_budget_f23_dim100.pdf / .eps
  figure: results/pbo_weighted_analysis/FP/fixed_budget_f24_dim100.pdf / .eps
  figure: results/pbo_weighted_analysis/BZ/fixed_budget_f24_dim100.pdf / .eps
  figure: results/pbo_weighted_analysis/RTS/fixed_budget_f24_dim100.pdf / .eps
  figure: results/pbo_weighted_analysis/FP/fixed_budget_f25_dim100.pdf / .eps
  figure: results/pbo_weighted_analysis/BZ/fixed_budget_f25_dim100.pdf / .eps
  figure: results/pbo_weighted_analysis/RTS/fixed_budget_f25_dim100.pdf / .eps
  figure: results/pbo_weighted_analysis/FP/fixed_budget_f1_dim625.pdf / .eps
  figure: results/pbo_weighted_analysis/BZ/fixed_budget_f1_dim625.pdf / .eps
  figure: results/pbo_weighted_analysis/RTS/fixed_budget_f1_dim625.pdf / .eps
  figure: results/pbo_weighted_analysis/FP/fixed_budget_f2_dim625.pdf / .eps
  figure: results/pbo_weighted_analysis/BZ/fixed_budget_f2_dim625.pdf / .eps
  figure: results/pbo_weighted_analysis/RTS/fixed_budget_f2_dim625.pdf / .eps
  figure: results/pbo_weighted_analysis/FP/fixed_budget_f3_dim625.pdf / .eps
  figure: results/pbo_weighted_analysis/BZ/fixed_budget_f3_dim625.pdf / .eps
  figure: results/pbo_weighted_analysis/RTS/fixed_budget_f3_dim625.pdf / .eps
  figure: results/pbo_weighted_analysis/FP/fixed_budget_f4_dim625.pdf / .eps
  figure: results/pbo_weighted_analysis/BZ/fixed_budget_f4_dim625.pdf / .eps
  figure: results/pbo_weighted_analysis/RTS/fixed_budget_f4_dim625.pdf / .eps
  figure: results/pbo_weighted_analysis/FP/fixed_budget_f5_dim625.pdf / .eps
  figure: results/pbo_weighted_analysis/BZ/fixed_budget_f5_dim625.pdf / .eps
  figure: results/pbo_weighted_analysis/RTS/fixed_budget_f5_dim625.pdf / .eps
  figure: results/pbo_weighted_analysis/FP/fixed_budget_f6_dim625.pdf / .eps
  figure: results/pbo_weighted_analysis/BZ/fixed_budget_f6_dim625.pdf / .eps
  figure: results/pbo_weighted_analysis/RTS/fixed_budget_f6_dim625.pdf / .eps
  figure: results/pbo_weighted_analysis/FP/fixed_budget_f7_dim625.pdf / .eps
  figure: results/pbo_weighted_analysis/BZ/fixed_budget_f7_dim625.pdf / .eps
  figure: results/pbo_weighted_analysis/RTS/fixed_budget_f7_dim625.pdf / .eps
  figure: results/pbo_weighted_analysis/FP/fixed_budget_f8_dim625.pdf / .eps
  figure: results/pbo_weighted_analysis/BZ/fixed_budget_f8_dim625.pdf / .eps
  figure: results/pbo_weighted_analysis/RTS/fixed_budget_f8_dim625.pdf / .eps
  figure: results/pbo_weighted_analysis/FP/fixed_budget_f9_dim625.pdf / .eps
  figure: results/pbo_weighted_analysis/BZ/fixed_budget_f9_dim625.pdf / .eps
  figure: results/pbo_weighted_analysis/RTS/fixed_budget_f9_dim625.pdf / .eps
  figure: results/pbo_weighted_analysis/FP/fixed_budget_f10_dim625.pdf / .eps
  figure: results/pbo_weighted_analysis/BZ/fixed_budget_f10_dim625.pdf / .eps
  figure: results/pbo_weighted_analysis/RTS/fixed_budget_f10_dim625.pdf / .eps
  figure: results/pbo_weighted_analysis/FP/fixed_budget_f11_dim625.pdf / .eps
  figure: results/pbo_weighted_analysis/BZ/fixed_budget_f11_dim625.pdf / .eps
  figure: results/pbo_weighted_analysis/RTS/fixed_budget_f11_dim625.pdf / .eps
  figure: results/pbo_weighted_analysis/FP/fixed_budget_f12_dim625.pdf / .eps
  figure: results/pbo_weighted_analysis/BZ/fixed_budget_f12_dim625.pdf / .eps
  figure: results/pbo_weighted_analysis/RTS/fixed_budget_f12_dim625.pdf / .eps
  figure: results/pbo_weighted_analysis/FP/fixed_budget_f13_dim625.pdf / .eps
  figure: results/pbo_weighted_analysis/BZ/fixed_budget_f13_dim625.pdf / .eps
  figure: results/pbo_weighted_analysis/RTS/fixed_budget_f13_dim625.pdf / .eps
  figure: results/pbo_weighted_analysis/FP/fixed_budget_f14_dim625.pdf / .eps
  figure: results/pbo_weighted_analysis/BZ/fixed_budget_f14_dim625.pdf / .eps
  figure: results/pbo_weighted_analysis/RTS/fixed_budget_f14_dim625.pdf / .eps
  figure: results/pbo_weighted_analysis/FP/fixed_budget_f15_dim625.pdf / .eps
  figure: results/pbo_weighted_analysis/BZ/fixed_budget_f15_dim625.pdf / .eps
  figure: results/pbo_weighted_analysis/RTS/fixed_budget_f15_dim625.pdf / .eps
  figure: results/pbo_weighted_analysis/FP/fixed_budget_f16_dim625.pdf / .eps
  figure: results/pbo_weighted_analysis/BZ/fixed_budget_f16_dim625.pdf / .eps
  figure: results/pbo_weighted_analysis/RTS/fixed_budget_f16_dim625.pdf / .eps
  figure: results/pbo_weighted_analysis/FP/fixed_budget_f17_dim625.pdf / .eps
  figure: results/pbo_weighted_analysis/BZ/fixed_budget_f17_dim625.pdf / .eps
  figure: results/pbo_weighted_analysis/RTS/fixed_budget_f17_dim625.pdf / .eps
  figure: results/pbo_weighted_analysis/FP/fixed_budget_f18_dim625.pdf / .eps
  figure: results/pbo_weighted_analysis/BZ/fixed_budget_f18_dim625.pdf / .eps
  figure: results/pbo_weighted_analysis/RTS/fixed_budget_f18_dim625.pdf / .eps
  figure: results/pbo_weighted_analysis/FP/fixed_budget_f19_dim625.pdf / .eps
  figure: results/pbo_weighted_analysis/BZ/fixed_budget_f19_dim625.pdf / .eps
  figure: results/pbo_weighted_analysis/RTS/fixed_budget_f19_dim625.pdf / .eps
  figure: results/pbo_weighted_analysis/FP/fixed_budget_f20_dim625.pdf / .eps
  figure: results/pbo_weighted_analysis/BZ/fixed_budget_f20_dim625.pdf / .eps
  figure: results/pbo_weighted_analysis/RTS/fixed_budget_f20_dim625.pdf / .eps
  figure: results/pbo_weighted_analysis/FP/fixed_budget_f21_dim625.pdf / .eps
  figure: results/pbo_weighted_analysis/BZ/fixed_budget_f21_dim625.pdf / .eps
  figure: results/pbo_weighted_analysis/RTS/fixed_budget_f21_dim625.pdf / .eps
  figure: results/pbo_weighted_analysis/FP/fixed_budget_f22_dim625.pdf / .eps/usr/local/lib/python3.12/dist-packages/iohinspector/plots/utils.py:135: UserWarning: Data has no positive values, and therefore cannot be log-scaled.
  ax.set_yscale(self.yscale)
/usr/local/lib/python3.12/dist-packages/iohinspector/plots/utils.py:135: UserWarning: Data has no positive values, and therefore cannot be log-scaled.
  ax.set_yscale(self.yscale)
/usr/local/lib/python3.12/dist-packages/iohinspector/plots/utils.py:135: UserWarning: Data has no positive values, and therefore cannot be log-scaled.
  ax.set_yscale(self.yscale)
/usr/local/lib/python3.12/dist-packages/iohinspector/plots/utils.py:135: UserWarning: Data has no positive values, and therefore cannot be log-scaled.
  ax.set_yscale(self.yscale)

  figure: results/pbo_weighted_analysis/BZ/fixed_budget_f22_dim625.pdf / .eps
  figure: results/pbo_weighted_analysis/RTS/fixed_budget_f22_dim625.pdf / .eps
  figure: results/pbo_weighted_analysis/FP/fixed_budget_f23_dim625.pdf / .eps
  figure: results/pbo_weighted_analysis/BZ/fixed_budget_f23_dim625.pdf / .eps
  figure: results/pbo_weighted_analysis/RTS/fixed_budget_f23_dim625.pdf / .eps
  figure: results/pbo_weighted_analysis/FP/fixed_budget_f24_dim625.pdf / .eps
  figure: results/pbo_weighted_analysis/BZ/fixed_budget_f24_dim625.pdf / .eps
  figure: results/pbo_weighted_analysis/RTS/fixed_budget_f24_dim625.pdf / .eps
  figure: results/pbo_weighted_analysis/FP/fixed_budget_f25_dim625.pdf / .eps
  figure: results/pbo_weighted_analysis/BZ/fixed_budget_f25_dim625.pdf / .eps
  figure: results/pbo_weighted_analysis/RTS/fixed_budget_f25_dim625.pdf / .eps
Traceback (most recent call last):
  File "/home/roberto/Dropbox/Pending_Papers/N33_PATEDA/github/pateda/scripts/analyze_weighted_pbo_results.py", line 598, in <module>
    main()
  File "/home/roberto/Dropbox/Pending_Papers/N33_PATEDA/github/pateda/scripts/analyze_weighted_pbo_results.py", line 591, in main
    make_ecdf_figures(manager, overview_pd, output_dir, dims, sel_methods,
  File "/home/roberto/Dropbox/Pending_Papers/N33_PATEDA/github/pateda/scripts/analyze_weighted_pbo_results.py", line 471, in make_ecdf_figures
    ecdf["algorithm"] = ecdf["algorithm_name"].map(_base_alg)
                        ^^^^^^^^^^^^^^^^^^^^^^^^^^^^^^^^^^^^^
  File "/usr/local/lib/python3.12/dist-packages/pandas/core/series.py", line 4719, in map
    new_values = self._map_values(arg, na_action=na_action)
                 ^^^^^^^^^^^^^^^^^^^^^^^^^^^^^^^^^^^^^^^^^^
  File "/usr/local/lib/python3.12/dist-packages/pandas/core/base.py", line 925, in _map_values
    return algorithms.map_array(arr, mapper, na_action=na_action, convert=convert)
           ^^^^^^^^^^^^^^^^^^^^^^^^^^^^^^^^^^^^^^^^^^^^^^^^^^^^^^^^^^^^^^^^^^^^^^^
  File "/usr/local/lib/python3.12/dist-packages/pandas/core/algorithms.py", line 1743, in map_array
    return lib.map_infer(values, mapper, convert=convert)
           ^^^^^^^^^^^^^^^^^^^^^^^^^^^^^^^^^^^^^^^^^^^^^^
  File "pandas/_libs/lib.pyx", line 2999, in pandas._libs.lib.map_infer
  File "/home/roberto/Dropbox/Pending_Papers/N33_PATEDA/github/pateda/scripts/analyze_weighted_pbo_results.py", line 175, in _base_alg
    return name.split("__")[0]
           ^^^^^^^^^^
AttributeError: 'NoneType' object has no attribute 'split'
