/usr/local/lib/python3.11/dist-packages/pgmpy/estimators/__init__.py:4: FutureWarning: `pgmpy.estimators.StructureScore` is deprecated and will be removed in v1.3.0. Use `pgmpy.structure_score` instead.
  from .StructureScore import (
======================================================================
EDA Search
======================================================================
  Function   : EqualProducts (n=256)
  EDA        : UMDA
  Pop size   : 1000
  Generations: 30
  Repetitions: 5
  SAMP       : 3000
  Base seed  : 1
======================================================================
Structure saved to './EqualProducts_256_structure.dat'  (32640 edges)
  Rep 1/5: best fitness = -184347159790296483122273845248.000000  (31 generations)
  Rep 2/5: best fitness = -457553822314927271211041816576.000000  (31 generations)
  Rep 3/5: best fitness = -12765597856147057357199769600.000000  (31 generations)
  Rep 4/5: best fitness = -20317451701108310094198603776.000000  (31 generations)
  Rep 5/5: best fitness = -9713796359358655017051488256.000000  (31 generations)
  Distinct solutions per third: [45500, 45500, 50000]
Samples saved to  './EqualProducts_256_UMDA_samples.dat'  (3000 rows; per third [1000, 1000, 1000])
Done.
