/usr/local/lib/python3.11/dist-packages/pgmpy/estimators/__init__.py:4: FutureWarning: `pgmpy.estimators.StructureScore` is deprecated and will be removed in v1.3.0. Use `pgmpy.structure_score` instead.
  from .StructureScore import (
======================================================================
EDA Search
======================================================================
  Function   : EqualProducts (n=100)
  EDA        : UMDA
  Pop size   : 1000
  Generations: 30
  Repetitions: 5
  SAMP       : 3000
  Base seed  : 1
======================================================================
Structure saved to './EqualProducts_100_structure.dat'  (4950 edges)
  Rep 1/5: best fitness = -780833838.038940  (31 generations)
  Rep 2/5: best fitness = -1586761772.705444  (31 generations)
  Rep 3/5: best fitness = -253402084.611084  (31 generations)
  Rep 4/5: best fitness = -173540569.663574  (31 generations)
  Rep 5/5: best fitness = -1371385032.253418  (31 generations)
  Distinct solutions per third: [45500, 45500, 50000]
Samples saved to  './EqualProducts_100_UMDA_samples.dat'  (3000 rows; per third [1000, 1000, 1000])
Done.
